exports[`Simple renders 1`] = `
<div>
  <div
    className="simple-slide">
    <h1
      onClick={[Function]}>
      simple title
    </h1>
    <ul>
      <li>
        hello
      </li>
      <li>
        bonjour
      </li>
    </ul>
  </div>
</div>
`;
