exports[`Slides renders 1`] = `
<div>
  <div />
</div>
`;
